// Jest Snapshot v1, https://goo.gl/fbAQLP

exports[`public path should work with function output.publicPath: DOM 1`] = `
"<!DOCTYPE html><html><head>
  <title>style-loader test</title>
  <style id=\\"existing-style\\">.existing { color: yellow }</style>
</head>
<body>
  <h1>Body</h1>
  <div class=\\"target\\"></div>
  <iframe class=\\"iframeTarget\\"></iframe>


</body></html>"
`;

exports[`public path should work with function output.publicPath: errors 1`] = `Array []`;

exports[`public path should work with function output.publicPath: warnings 1`] = `Array []`;
