// Jest Snapshot v1, https://goo.gl/fbAQLP

exports[`validate options should throw an error on the "esModule" option with "1" value 1`] = `
"Invalid options object. Mini CSS Extract Plugin Loader has been initialized using an options object that does not match the API schema.
 - options.esModule should be a boolean."
`;

exports[`validate options should throw an error on the "publicPath" option with "true" value 1`] = `
"Invalid options object. Mini CSS Extract Plugin Loader has been initialized using an options object that does not match the API schema.
 - options.publicPath should be one of these:
   string | function
   Details:
    * options.publicPath should be a string.
    * options.publicPath should be an instance of function."
`;
